\BOOKMARK [1][-]{section.1}{\376\377\000I\000n\000t\000r\000o\000d\000u\000c\000t\000i\000o\000n}{}% 1
\BOOKMARK [2][-]{subsection.1.1}{\376\377\000I\000n\000t\000e\000g\000r\000a\000t\000e\000d\000\040\000m\000o\000d\000e\000l\000i\000n\000g\000\040\000f\000r\000a\000m\000e\000w\000o\000r\000k}{section.1}% 2
\BOOKMARK [2][-]{subsection.1.2}{\376\377\000C\000o\000m\000p\000u\000t\000a\000t\000i\000o\000n\000a\000l\000\040\000I\000m\000p\000l\000e\000m\000e\000n\000t\000a\000t\000i\000o\000n}{section.1}% 3
\BOOKMARK [1][-]{section.2}{\376\377\000S\000o\000f\000t\000w\000a\000r\000e\000\040\000A\000r\000c\000h\000i\000t\000e\000c\000t\000u\000r\000e\000\040\000a\000n\000d\000\040\000D\000e\000s\000i\000g\000n\000\040\000R\000a\000t\000i\000o\000n\000a\000l\000e}{}% 4
\BOOKMARK [2][-]{subsection.2.1}{\376\377\000T\000h\000r\000e\000e\000-\000T\000i\000e\000r\000\040\000A\000r\000c\000h\000i\000t\000e\000c\000t\000u\000r\000e}{section.2}% 5
\BOOKMARK [2][-]{subsection.2.2}{\376\377\000C\000o\000n\000f\000i\000g\000u\000r\000a\000t\000i\000o\000n\000-\000D\000r\000i\000v\000e\000n\000\040\000D\000e\000s\000i\000g\000n}{section.2}% 6
\BOOKMARK [2][-]{subsection.2.3}{\376\377\000D\000e\000t\000e\000r\000m\000i\000n\000i\000s\000t\000i\000c\000\040\000R\000o\000u\000t\000e\000\040\000R\000e\000s\000o\000l\000u\000t\000i\000o\000n}{section.2}% 7
\BOOKMARK [2][-]{subsection.2.4}{\376\377\000A\000P\000I\000\040\000D\000e\000s\000i\000g\000n\000\040\000f\000o\000r\000\040\000C\000o\000m\000p\000u\000t\000a\000t\000i\000o\000n\000a\000l\000\040\000I\000n\000t\000e\000g\000r\000i\000t\000y}{section.2}% 8
\BOOKMARK [1][-]{section.3}{\376\377\000M\000e\000t\000h\000o\000d\000o\000l\000o\000g\000i\000c\000a\000l\000\040\000I\000n\000n\000o\000v\000a\000t\000i\000o\000n\000s}{}% 9
\BOOKMARK [2][-]{subsection.3.1}{\376\377\000E\000x\000c\000e\000l\000-\000t\000o\000-\000P\000y\000t\000h\000o\000n\000\040\000T\000r\000a\000n\000s\000l\000a\000t\000i\000o\000n\000\040\000F\000r\000a\000m\000e\000w\000o\000r\000k}{section.3}% 10
\BOOKMARK [2][-]{subsection.3.2}{\376\377\000P\000r\000o\000c\000e\000s\000s\000\040\000G\000a\000s\000\040\000A\000c\000c\000o\000u\000n\000t\000i\000n\000g\000\040\000S\000y\000s\000t\000e\000m}{section.3}% 11
\BOOKMARK [2][-]{subsection.3.3}{\376\377\000D\000e\000s\000i\000g\000n\000\040\000f\000o\000r\000\040\000D\000o\000m\000a\000i\000n\000\040\000E\000x\000p\000e\000r\000t\000\040\000A\000c\000c\000e\000s\000s\000i\000b\000i\000l\000i\000t\000y}{section.3}% 12
\BOOKMARK [2][-]{subsection.3.4}{\376\377\000C\000o\000m\000p\000u\000t\000a\000t\000i\000o\000n\000a\000l\000\040\000A\000d\000v\000a\000n\000t\000a\000g\000e\000s\000\040\000o\000v\000e\000r\000\040\000S\000p\000r\000e\000a\000d\000s\000h\000e\000e\000t\000\040\000I\000m\000p\000l\000e\000m\000e\000n\000t\000a\000t\000i\000o\000n}{section.3}% 13
\BOOKMARK [1][-]{section.4}{\376\377\000M\000o\000d\000e\000l\000\040\000O\000v\000e\000r\000v\000i\000e\000w}{}% 14
\BOOKMARK [2][-]{subsection.4.1}{\376\377\000I\000n\000p\000u\000t\000s}{section.4}% 15
\BOOKMARK [2][-]{subsection.4.2}{\376\377\000C\000o\000r\000e\000\040\000C\000o\000m\000p\000u\000t\000a\000t\000i\000o\000n}{section.4}% 16
\BOOKMARK [2][-]{subsection.4.3}{\376\377\000R\000o\000u\000t\000e\000\040\000C\000o\000n\000t\000r\000o\000l}{section.4}% 17
\BOOKMARK [2][-]{subsection.4.4}{\376\377\000B\000o\000u\000n\000d\000a\000r\000i\000e\000s}{section.4}% 18
\BOOKMARK [2][-]{subsection.4.5}{\376\377\000U\000n\000c\000e\000r\000t\000a\000i\000n\000t\000y}{section.4}% 19
\BOOKMARK [3][-]{subsubsection.4.5.1}{\376\377\000G\000a\000s\000\040\000r\000e\000c\000o\000v\000e\000r\000y\000\040\000a\000n\000d\000\040\000i\000n\000t\000e\000r\000n\000a\000l\000\040\000e\000l\000e\000c\000t\000r\000i\000c\000i\000t\000y\000\040\000p\000r\000o\000d\000u\000c\000t\000i\000o\000n}{subsection.4.5}% 20
\BOOKMARK [3][-]{subsubsection.4.5.2}{\376\377\000G\000a\000s\000\040\000r\000e\000c\000o\000v\000e\000r\000y\000\040\000a\000n\000d\000\040\000i\000n\000t\000e\000r\000n\000a\000l\000\040\000e\000l\000e\000c\000t\000r\000i\000c\000i\000t\000y\000\040\000p\000r\000o\000d\000u\000c\000t\000i\000o\000n\000\040\000\050\000a\000s\000\040\000i\000m\000p\000l\000e\000m\000e\000n\000t\000e\000d\000\051}{subsection.4.5}% 21
\BOOKMARK [1][-]{section.5}{\376\377\000M\000o\000d\000e\000l\000\040\000V\000a\000l\000i\000d\000a\000t\000i\000o\000n}{}% 22
\BOOKMARK [1][-]{section.6}{\376\377\000R\000e\000p\000r\000o\000d\000u\000c\000i\000b\000i\000l\000i\000t\000y\000\040\000C\000a\000p\000s\000u\000l\000e}{}% 23
\BOOKMARK [2][-]{subsection.6.1}{\376\377\000S\000u\000g\000g\000e\000s\000t\000e\000d\000\040\000R\000e\000p\000o\000s\000i\000t\000o\000r\000y\000\040\000L\000a\000y\000o\000u\000t}{section.6}% 24
\BOOKMARK [1][-]{section.7}{\376\377\000S\000o\000f\000t\000w\000a\000r\000e\000\040\000M\000e\000t\000a\000d\000a\000t\000a}{}% 25
\BOOKMARK [1][-]{section.8}{\376\377\000K\000n\000o\000w\000n\000\040\000L\000i\000m\000i\000t\000a\000t\000i\000o\000n\000s}{}% 26
\BOOKMARK [1][-]{section.9}{\376\377\000E\000t\000h\000i\000c\000a\000l\000\040\000\046\000\040\000T\000r\000a\000n\000s\000p\000a\000r\000e\000n\000c\000y\000\040\000S\000t\000a\000t\000e\000m\000e\000n\000t}{}% 27
\BOOKMARK [1][-]{appendix.A}{\376\377\000Y\000A\000M\000L\000\040\000S\000c\000h\000e\000m\000a}{}% 28
\BOOKMARK [1][-]{appendix.B}{\376\377\000M\000a\000i\000n\000\040\000d\000a\000t\000a\000-\000s\000e\000t\000s\000\040\000u\000s\000e\000d\000\040\000i\000n\000\040\000t\000h\000e\000\040\000m\000o\000d\000e\000l}{}% 29
\BOOKMARK [2][-]{subsection.B.1}{\376\377\000U\000n\000i\000t\000\040\000m\000a\000s\000s\000\040\000b\000a\000l\000a\000n\000c\000e}{appendix.B}% 30
\BOOKMARK [2][-]{subsection.B.2}{\376\377\000E\000n\000e\000r\000g\000y\000\040\000a\000c\000c\000o\000u\000n\000t\000i\000n\000g}{appendix.B}% 31
\BOOKMARK [2][-]{subsection.B.3}{\376\377\000E\000m\000i\000s\000s\000i\000o\000n\000s}{appendix.B}% 32
\BOOKMARK [2][-]{subsection.B.4}{\376\377\000O\000n\000s\000i\000t\000e\000\040\000u\000t\000i\000l\000i\000t\000y\000\040\000p\000l\000a\000n\000t\000\040\000\050\000p\000r\000o\000c\000e\000s\000s\000-\000g\000a\000s\000\040\000r\000e\000c\000o\000v\000e\000r\000y\000\040\000a\000n\000d\000\040\000e\000l\000e\000c\000t\000r\000i\000c\000i\000t\000y\000\040\000b\000l\000e\000n\000d\000\051}{appendix.B}% 33
\BOOKMARK [2][-]{subsection.B.5}{\376\377\000V\000a\000l\000i\000d\000a\000t\000i\000o\000n\000,\000\040\000y\000i\000e\000l\000d\000s\000,\000\040\000a\000n\000d\000\040\000r\000e\000p\000o\000r\000t\000i\000n\000g}{appendix.B}% 34
